[0.006s] Invoking command in '/home/m5kro/ros2_ws/build/realsense2_description': CMAKE_PREFIX_PATH=/home/m5kro/ros2_ws/install/realsense2_camera_msgs:/home/m5kro/ros2_ws/install/realsense2_description:/home/m5kro/ros2_ws/install/realsense2_camera:/home/m5kro/ros2_ws/install/mirror:/home/m5kro/ros2_ws/src/mirror/install/mirror:/opt/ros/humble LD_LIBRARY_PATH=/home/m5kro/ros2_ws/install/realsense2_camera_msgs/lib:/home/m5kro/ros2_ws/install/realsense2_camera/lib:/opt/ros/humble/opt/rviz_ogre_vendor/lib:/opt/ros/humble/lib/x86_64-linux-gnu:/opt/ros/humble/lib /usr/bin/cmake /home/m5kro/ros2_ws/src/realsense-ros/realsense2_description -DAMENT_CMAKE_SYMLINK_INSTALL=1 -DCMAKE_INSTALL_PREFIX=/home/m5kro/ros2_ws/install/realsense2_description
[0.043s] -- The C compiler identification is GNU 11.4.0
[0.085s] -- The CXX compiler identification is GNU 11.4.0
[0.089s] -- Detecting C compiler ABI info
[0.158s] -- Detecting C compiler ABI info - done
[0.163s] -- Check for working C compiler: /usr/bin/cc - skipped
[0.163s] -- Detecting C compile features
[0.163s] -- Detecting C compile features - done
[0.165s] -- Detecting CXX compiler ABI info
[0.222s] -- Detecting CXX compiler ABI info - done
[0.228s] -- Check for working CXX compiler: /usr/bin/c++ - skipped
[0.228s] -- Detecting CXX compile features
[0.228s] -- Detecting CXX compile features - done
[0.230s] -- Found ament_cmake: 1.3.11 (/opt/ros/humble/share/ament_cmake/cmake)
[0.345s] -- Found Python3: /usr/bin/python3 (found version "3.10.12") found components: Interpreter 
[0.392s] -- Override CMake install command with custom implementation using symlinks instead of copying resources
[0.465s] -- Configuring done
[0.467s] -- Generating done
[0.468s] -- Build files have been written to: /home/m5kro/ros2_ws/build/realsense2_description
[0.471s] Invoked command in '/home/m5kro/ros2_ws/build/realsense2_description' returned '0': CMAKE_PREFIX_PATH=/home/m5kro/ros2_ws/install/realsense2_camera_msgs:/home/m5kro/ros2_ws/install/realsense2_description:/home/m5kro/ros2_ws/install/realsense2_camera:/home/m5kro/ros2_ws/install/mirror:/home/m5kro/ros2_ws/src/mirror/install/mirror:/opt/ros/humble LD_LIBRARY_PATH=/home/m5kro/ros2_ws/install/realsense2_camera_msgs/lib:/home/m5kro/ros2_ws/install/realsense2_camera/lib:/opt/ros/humble/opt/rviz_ogre_vendor/lib:/opt/ros/humble/lib/x86_64-linux-gnu:/opt/ros/humble/lib /usr/bin/cmake /home/m5kro/ros2_ws/src/realsense-ros/realsense2_description -DAMENT_CMAKE_SYMLINK_INSTALL=1 -DCMAKE_INSTALL_PREFIX=/home/m5kro/ros2_ws/install/realsense2_description
[0.472s] Invoking command in '/home/m5kro/ros2_ws/build/realsense2_description': CMAKE_PREFIX_PATH=/home/m5kro/ros2_ws/install/realsense2_camera_msgs:/home/m5kro/ros2_ws/install/realsense2_description:/home/m5kro/ros2_ws/install/realsense2_camera:/home/m5kro/ros2_ws/install/mirror:/home/m5kro/ros2_ws/src/mirror/install/mirror:/opt/ros/humble LD_LIBRARY_PATH=/home/m5kro/ros2_ws/install/realsense2_camera_msgs/lib:/home/m5kro/ros2_ws/install/realsense2_camera/lib:/opt/ros/humble/opt/rviz_ogre_vendor/lib:/opt/ros/humble/lib/x86_64-linux-gnu:/opt/ros/humble/lib /usr/bin/cmake --build /home/m5kro/ros2_ws/build/realsense2_description -- -j12 -l12
[0.508s] Invoked command in '/home/m5kro/ros2_ws/build/realsense2_description' returned '0': CMAKE_PREFIX_PATH=/home/m5kro/ros2_ws/install/realsense2_camera_msgs:/home/m5kro/ros2_ws/install/realsense2_description:/home/m5kro/ros2_ws/install/realsense2_camera:/home/m5kro/ros2_ws/install/mirror:/home/m5kro/ros2_ws/src/mirror/install/mirror:/opt/ros/humble LD_LIBRARY_PATH=/home/m5kro/ros2_ws/install/realsense2_camera_msgs/lib:/home/m5kro/ros2_ws/install/realsense2_camera/lib:/opt/ros/humble/opt/rviz_ogre_vendor/lib:/opt/ros/humble/lib/x86_64-linux-gnu:/opt/ros/humble/lib /usr/bin/cmake --build /home/m5kro/ros2_ws/build/realsense2_description -- -j12 -l12
[0.509s] Invoking command in '/home/m5kro/ros2_ws/build/realsense2_description': CMAKE_PREFIX_PATH=/home/m5kro/ros2_ws/install/realsense2_camera_msgs:/home/m5kro/ros2_ws/install/realsense2_description:/home/m5kro/ros2_ws/install/realsense2_camera:/home/m5kro/ros2_ws/install/mirror:/home/m5kro/ros2_ws/src/mirror/install/mirror:/opt/ros/humble LD_LIBRARY_PATH=/home/m5kro/ros2_ws/install/realsense2_camera_msgs/lib:/home/m5kro/ros2_ws/install/realsense2_camera/lib:/opt/ros/humble/opt/rviz_ogre_vendor/lib:/opt/ros/humble/lib/x86_64-linux-gnu:/opt/ros/humble/lib /usr/bin/cmake --install /home/m5kro/ros2_ws/build/realsense2_description
[0.514s] -- Install configuration: ""
[0.514s] -- Execute custom install script
[0.514s] -- Symlinking: /home/m5kro/ros2_ws/install/realsense2_description/share/realsense2_description/launch/launch_utils.py
[0.522s] -- Symlinking: /home/m5kro/ros2_ws/install/realsense2_description/share/realsense2_description/launch/view_model.launch.py
[0.530s] -- Symlinking: /home/m5kro/ros2_ws/install/realsense2_description/share/realsense2_description/meshes/d415.stl
[0.536s] -- Symlinking: /home/m5kro/ros2_ws/install/realsense2_description/share/realsense2_description/meshes/d435.dae
[0.543s] -- Symlinking: /home/m5kro/ros2_ws/install/realsense2_description/share/realsense2_description/meshes/d455.stl
[0.549s] -- Symlinking: /home/m5kro/ros2_ws/install/realsense2_description/share/realsense2_description/meshes/l515.dae
[0.555s] -- Symlinking: /home/m5kro/ros2_ws/install/realsense2_description/share/realsense2_description/meshes/plug.stl
[0.562s] -- Symlinking: /home/m5kro/ros2_ws/install/realsense2_description/share/realsense2_description/meshes/plug_collision.stl
[0.570s] -- Symlinking: /home/m5kro/ros2_ws/install/realsense2_description/share/realsense2_description/rviz/urdf.rviz
[0.579s] -- Symlinking: /home/m5kro/ros2_ws/install/realsense2_description/share/realsense2_description/urdf/_d415.urdf.xacro
[0.584s] -- Symlinking: /home/m5kro/ros2_ws/install/realsense2_description/share/realsense2_description/urdf/_d435.urdf.xacro
[0.591s] -- Symlinking: /home/m5kro/ros2_ws/install/realsense2_description/share/realsense2_description/urdf/_d435i.urdf.xacro
[0.598s] -- Symlinking: /home/m5kro/ros2_ws/install/realsense2_description/share/realsense2_description/urdf/_d435i_imu_modules.urdf.xacro
[0.605s] -- Symlinking: /home/m5kro/ros2_ws/install/realsense2_description/share/realsense2_description/urdf/_d455.urdf.xacro
[0.611s] -- Symlinking: /home/m5kro/ros2_ws/install/realsense2_description/share/realsense2_description/urdf/_l515.urdf.xacro
[0.616s] -- Symlinking: /home/m5kro/ros2_ws/install/realsense2_description/share/realsense2_description/urdf/_materials.urdf.xacro
[0.623s] -- Symlinking: /home/m5kro/ros2_ws/install/realsense2_description/share/realsense2_description/urdf/_r410.urdf.xacro
[0.631s] -- Symlinking: /home/m5kro/ros2_ws/install/realsense2_description/share/realsense2_description/urdf/_r430.urdf.xacro
[0.637s] -- Symlinking: /home/m5kro/ros2_ws/install/realsense2_description/share/realsense2_description/urdf/_usb_plug.urdf.xacro
[0.643s] -- Symlinking: /home/m5kro/ros2_ws/install/realsense2_description/share/realsense2_description/urdf/test_d415_camera.urdf.xacro
[0.649s] -- Symlinking: /home/m5kro/ros2_ws/install/realsense2_description/share/realsense2_description/urdf/test_d435_camera.urdf.xacro
[0.656s] -- Symlinking: /home/m5kro/ros2_ws/install/realsense2_description/share/realsense2_description/urdf/test_d435_multiple_cameras.urdf.xacro
[0.662s] -- Symlinking: /home/m5kro/ros2_ws/install/realsense2_description/share/realsense2_description/urdf/test_d435i_camera.urdf.xacro
[0.668s] -- Symlinking: /home/m5kro/ros2_ws/install/realsense2_description/share/realsense2_description/urdf/test_d455_camera.urdf.xacro
[0.675s] -- Symlinking: /home/m5kro/ros2_ws/install/realsense2_description/share/realsense2_description/urdf/test_l515_camera.urdf.xacro
[0.680s] -- Symlinking: /home/m5kro/ros2_ws/install/realsense2_description/share/realsense2_description/urdf/test_r410_camera.urdf.xacro
[0.687s] -- Symlinking: /home/m5kro/ros2_ws/install/realsense2_description/share/realsense2_description/urdf/test_r430_camera.urdf.xacro
[0.692s] -- Symlinking: /home/m5kro/ros2_ws/install/realsense2_description/share/ament_index/resource_index/package_run_dependencies/realsense2_description
[0.696s] -- Symlinking: /home/m5kro/ros2_ws/install/realsense2_description/share/ament_index/resource_index/parent_prefix_path/realsense2_description
[0.703s] -- Symlinking: /home/m5kro/ros2_ws/install/realsense2_description/share/realsense2_description/environment/ament_prefix_path.sh
[0.710s] -- Symlinking: /home/m5kro/ros2_ws/install/realsense2_description/share/realsense2_description/environment/ament_prefix_path.dsv
[0.715s] -- Symlinking: /home/m5kro/ros2_ws/install/realsense2_description/share/realsense2_description/environment/path.sh
[0.722s] -- Symlinking: /home/m5kro/ros2_ws/install/realsense2_description/share/realsense2_description/environment/path.dsv
[0.730s] -- Symlinking: /home/m5kro/ros2_ws/install/realsense2_description/share/realsense2_description/local_setup.bash
[0.737s] -- Symlinking: /home/m5kro/ros2_ws/install/realsense2_description/share/realsense2_description/local_setup.sh
[0.745s] -- Symlinking: /home/m5kro/ros2_ws/install/realsense2_description/share/realsense2_description/local_setup.zsh
[0.751s] -- Symlinking: /home/m5kro/ros2_ws/install/realsense2_description/share/realsense2_description/local_setup.dsv
[0.756s] -- Symlinking: /home/m5kro/ros2_ws/install/realsense2_description/share/realsense2_description/package.dsv
[0.763s] -- Symlinking: /home/m5kro/ros2_ws/install/realsense2_description/share/ament_index/resource_index/packages/realsense2_description
[0.769s] -- Symlinking: /home/m5kro/ros2_ws/install/realsense2_description/share/realsense2_description/cmake/realsense2_descriptionConfig.cmake
[0.775s] -- Symlinking: /home/m5kro/ros2_ws/install/realsense2_description/share/realsense2_description/cmake/realsense2_descriptionConfig-version.cmake
[0.782s] -- Symlinking: /home/m5kro/ros2_ws/install/realsense2_description/share/realsense2_description/package.xml
[0.793s] Invoked command in '/home/m5kro/ros2_ws/build/realsense2_description' returned '0': CMAKE_PREFIX_PATH=/home/m5kro/ros2_ws/install/realsense2_camera_msgs:/home/m5kro/ros2_ws/install/realsense2_description:/home/m5kro/ros2_ws/install/realsense2_camera:/home/m5kro/ros2_ws/install/mirror:/home/m5kro/ros2_ws/src/mirror/install/mirror:/opt/ros/humble LD_LIBRARY_PATH=/home/m5kro/ros2_ws/install/realsense2_camera_msgs/lib:/home/m5kro/ros2_ws/install/realsense2_camera/lib:/opt/ros/humble/opt/rviz_ogre_vendor/lib:/opt/ros/humble/lib/x86_64-linux-gnu:/opt/ros/humble/lib /usr/bin/cmake --install /home/m5kro/ros2_ws/build/realsense2_description
