[0.007s] Invoking command in '/home/m5kro/ros2_ws/build/mirror': CMAKE_PREFIX_PATH=${CMAKE_PREFIX_PATH}:/opt/ros/humble /usr/bin/cmake --build /home/m5kro/ros2_ws/build/mirror -- -j12 -l12
[0.032s] Invoked command in '/home/m5kro/ros2_ws/build/mirror' returned '0': CMAKE_PREFIX_PATH=${CMAKE_PREFIX_PATH}:/opt/ros/humble /usr/bin/cmake --build /home/m5kro/ros2_ws/build/mirror -- -j12 -l12
[0.041s] Invoking command in '/home/m5kro/ros2_ws/build/mirror': CMAKE_PREFIX_PATH=${CMAKE_PREFIX_PATH}:/opt/ros/humble /usr/bin/cmake --install /home/m5kro/ros2_ws/build/mirror
[0.045s] -- Install configuration: ""
[0.045s] -- Execute custom install script
[0.045s] -- Up-to-date symlink: /home/m5kro/ros2_ws/install/mirror/share/mirror//launch/slam_launch.py
[0.045s] -- Up-to-date symlink: /home/m5kro/ros2_ws/install/mirror/share/mirror//urdf/robot.urdf.xacro
[0.045s] -- Up-to-date symlink: /home/m5kro/ros2_ws/install/mirror/share/ament_index/resource_index/package_run_dependencies/mirror
[0.045s] -- Up-to-date symlink: /home/m5kro/ros2_ws/install/mirror/share/ament_index/resource_index/parent_prefix_path/mirror
[0.046s] -- Up-to-date symlink: /home/m5kro/ros2_ws/install/mirror/share/mirror/environment/ament_prefix_path.sh
[0.046s] -- Up-to-date symlink: /home/m5kro/ros2_ws/install/mirror/share/mirror/environment/ament_prefix_path.dsv
[0.046s] -- Up-to-date symlink: /home/m5kro/ros2_ws/install/mirror/share/mirror/environment/path.sh
[0.046s] -- Up-to-date symlink: /home/m5kro/ros2_ws/install/mirror/share/mirror/environment/path.dsv
[0.046s] -- Up-to-date symlink: /home/m5kro/ros2_ws/install/mirror/share/mirror/local_setup.bash
[0.046s] -- Up-to-date symlink: /home/m5kro/ros2_ws/install/mirror/share/mirror/local_setup.sh
[0.046s] -- Up-to-date symlink: /home/m5kro/ros2_ws/install/mirror/share/mirror/local_setup.zsh
[0.046s] -- Up-to-date symlink: /home/m5kro/ros2_ws/install/mirror/share/mirror/local_setup.dsv
[0.046s] -- Symlinking: /home/m5kro/ros2_ws/install/mirror/share/mirror/package.dsv
[0.052s] -- Up-to-date symlink: /home/m5kro/ros2_ws/install/mirror/share/ament_index/resource_index/packages/mirror
[0.052s] -- Up-to-date symlink: /home/m5kro/ros2_ws/install/mirror/share/mirror/cmake/mirrorConfig.cmake
[0.052s] -- Up-to-date symlink: /home/m5kro/ros2_ws/install/mirror/share/mirror/cmake/mirrorConfig-version.cmake
[0.052s] -- Up-to-date symlink: /home/m5kro/ros2_ws/install/mirror/share/mirror/package.xml
[0.054s] Invoked command in '/home/m5kro/ros2_ws/build/mirror' returned '0': CMAKE_PREFIX_PATH=${CMAKE_PREFIX_PATH}:/opt/ros/humble /usr/bin/cmake --install /home/m5kro/ros2_ws/build/mirror
