[0.007s] Invoking command in '/home/m5kro/ros2_ws/build/realsense2_camera': CMAKE_PREFIX_PATH=/home/m5kro/ros2_ws/install/realsense2_camera_msgs:/home/m5kro/ros2_ws/install/realsense2_description:/home/m5kro/ros2_ws/install/realsense2_camera:/home/m5kro/ros2_ws/install/mirror:/home/m5kro/ros2_ws/src/mirror/install/mirror:/opt/ros/humble LD_LIBRARY_PATH=/home/m5kro/ros2_ws/install/realsense2_camera_msgs/lib:/home/m5kro/ros2_ws/install/realsense2_camera/lib:/opt/ros/humble/opt/rviz_ogre_vendor/lib:/opt/ros/humble/lib/x86_64-linux-gnu:/opt/ros/humble/lib /usr/bin/cmake /home/m5kro/ros2_ws/src/realsense-ros/realsense2_camera -DAMENT_CMAKE_SYMLINK_INSTALL=1 -DCMAKE_INSTALL_PREFIX=/home/m5kro/ros2_ws/install/realsense2_camera
[0.046s] -- The C compiler identification is GNU 11.4.0
[0.090s] -- The CXX compiler identification is GNU 11.4.0
[0.094s] -- Detecting C compiler ABI info
[0.161s] -- Detecting C compiler ABI info - done
[0.165s] -- Check for working C compiler: /usr/bin/cc - skipped
[0.165s] -- Detecting C compile features
[0.166s] -- Detecting C compile features - done
[0.167s] -- Detecting CXX compiler ABI info
[0.231s] -- Detecting CXX compiler ABI info - done
[0.235s] -- Check for working CXX compiler: /usr/bin/c++ - skipped
[0.236s] -- Detecting CXX compile features
[0.236s] -- Detecting CXX compile features - done
[0.236s] -- Create Release Build.
[0.237s] -- Found ament_cmake: 1.3.11 (/opt/ros/humble/share/ament_cmake/cmake)
[0.351s] -- Found Python3: /usr/bin/python3 (found version "3.10.12") found components: Interpreter 
[0.397s] -- Override CMake install command with custom implementation using symlinks instead of copying resources
[0.413s] -- Found builtin_interfaces: 1.2.1 (/opt/ros/humble/share/builtin_interfaces/cmake)
[0.436s] -- Found rosidl_generator_c: 3.1.6 (/opt/ros/humble/share/rosidl_generator_c/cmake)
[0.439s] -- Found rosidl_adapter: 3.1.6 (/opt/ros/humble/share/rosidl_adapter/cmake)
[0.444s] -- Found rosidl_generator_cpp: 3.1.6 (/opt/ros/humble/share/rosidl_generator_cpp/cmake)
[0.452s] -- Using all available rosidl_typesupport_c: rosidl_typesupport_fastrtps_c;rosidl_typesupport_introspection_c
[0.462s] -- Using all available rosidl_typesupport_cpp: rosidl_typesupport_fastrtps_cpp;rosidl_typesupport_introspection_cpp
[0.473s] -- Found cv_bridge: 3.2.1 (/opt/ros/humble/share/cv_bridge/cmake)
[0.524s] -- Found image_transport: 3.1.11 (/opt/ros/humble/share/image_transport/cmake)
[0.565s] -- Found rmw_implementation_cmake: 6.1.2 (/opt/ros/humble/share/rmw_implementation_cmake/cmake)
[0.568s] -- Found rmw_fastrtps_cpp: 6.2.7 (/opt/ros/humble/share/rmw_fastrtps_cpp/cmake)
[0.630s] -- Found OpenSSL: /usr/lib/x86_64-linux-gnu/libcrypto.so (found version "3.0.2")  
[0.649s] -- Found FastRTPS: /opt/ros/humble/include  
[0.678s] -- Using RMW implementation 'rmw_fastrtps_cpp' as default
[0.687s] -- Looking for pthread.h
[0.740s] -- Looking for pthread.h - found
[0.740s] -- Performing Test CMAKE_HAVE_LIBC_PTHREAD
[0.797s] -- Performing Test CMAKE_HAVE_LIBC_PTHREAD - Success
[0.797s] -- Found Threads: TRUE  
[0.857s] -- Found rclcpp_components: 16.0.12 (/opt/ros/humble/share/rclcpp_components/cmake)
[0.872s] -- Found realsense2_camera_msgs: 4.51.1 (/home/m5kro/ros2_ws/install/realsense2_camera_msgs/share/realsense2_camera_msgs/cmake)
[0.883s] -- Found nav_msgs: 4.8.0 (/opt/ros/humble/share/nav_msgs/cmake)
[0.901s] -- Found tf2_ros: 0.25.12 (/opt/ros/humble/share/tf2_ros/cmake)
[0.962s] -- Found diagnostic_updater: 4.0.2 (/opt/ros/humble/share/diagnostic_updater/cmake)
[0.980s] -- Build for ROS2 Humble
[1.033s] -- Configuring done
[1.046s] -- Generating done
[1.051s] -- Build files have been written to: /home/m5kro/ros2_ws/build/realsense2_camera
[1.064s] Invoked command in '/home/m5kro/ros2_ws/build/realsense2_camera' returned '0': CMAKE_PREFIX_PATH=/home/m5kro/ros2_ws/install/realsense2_camera_msgs:/home/m5kro/ros2_ws/install/realsense2_description:/home/m5kro/ros2_ws/install/realsense2_camera:/home/m5kro/ros2_ws/install/mirror:/home/m5kro/ros2_ws/src/mirror/install/mirror:/opt/ros/humble LD_LIBRARY_PATH=/home/m5kro/ros2_ws/install/realsense2_camera_msgs/lib:/home/m5kro/ros2_ws/install/realsense2_camera/lib:/opt/ros/humble/opt/rviz_ogre_vendor/lib:/opt/ros/humble/lib/x86_64-linux-gnu:/opt/ros/humble/lib /usr/bin/cmake /home/m5kro/ros2_ws/src/realsense-ros/realsense2_camera -DAMENT_CMAKE_SYMLINK_INSTALL=1 -DCMAKE_INSTALL_PREFIX=/home/m5kro/ros2_ws/install/realsense2_camera
[1.065s] Invoking command in '/home/m5kro/ros2_ws/build/realsense2_camera': CMAKE_PREFIX_PATH=/home/m5kro/ros2_ws/install/realsense2_camera_msgs:/home/m5kro/ros2_ws/install/realsense2_description:/home/m5kro/ros2_ws/install/realsense2_camera:/home/m5kro/ros2_ws/install/mirror:/home/m5kro/ros2_ws/src/mirror/install/mirror:/opt/ros/humble LD_LIBRARY_PATH=/home/m5kro/ros2_ws/install/realsense2_camera_msgs/lib:/home/m5kro/ros2_ws/install/realsense2_camera/lib:/opt/ros/humble/opt/rviz_ogre_vendor/lib:/opt/ros/humble/lib/x86_64-linux-gnu:/opt/ros/humble/lib /usr/bin/cmake --build /home/m5kro/ros2_ws/build/realsense2_camera -- -j12 -l12
[1.104s] [ 37%] [32mBuilding CXX object CMakeFiles/realsense2_camera.dir/src/base_realsense_node.cpp.o[0m
[1.104s] [ 37%] [32mBuilding CXX object CMakeFiles/realsense2_camera.dir/src/t265_realsense_node.cpp.o[0m
[1.104s] [ 37%] [32mBuilding CXX object CMakeFiles/realsense2_camera.dir/src/ros_sensor.cpp.o[0m
[1.104s] [ 37%] [32mBuilding CXX object CMakeFiles/realsense2_camera.dir/src/rs_node_setup.cpp.o[0m
[1.104s] [ 37%] [32mBuilding CXX object CMakeFiles/realsense2_camera.dir/src/realsense_node_factory.cpp.o[0m
[1.104s] [ 37%] [32mBuilding CXX object CMakeFiles/realsense2_camera_node.dir/rclcpp_components/node_main_realsense2_camera_node.cpp.o[0m
[1.105s] [ 43%] [32mBuilding CXX object CMakeFiles/realsense2_camera.dir/src/parameters.cpp.o[0m
[1.105s] [ 50%] [32mBuilding CXX object CMakeFiles/realsense2_camera.dir/src/sensor_params.cpp.o[0m
[1.108s] [ 56%] [32mBuilding CXX object CMakeFiles/realsense2_camera.dir/src/ros_utils.cpp.o[0m
[1.113s] [ 62%] [32mBuilding CXX object CMakeFiles/realsense2_camera.dir/src/named_filter.cpp.o[0m
[1.113s] [ 68%] [32mBuilding CXX object CMakeFiles/realsense2_camera.dir/src/profile_manager.cpp.o[0m
[1.114s] [ 75%] [32mBuilding CXX object CMakeFiles/realsense2_camera.dir/src/dynamic_params.cpp.o[0m
[15.812s] [ 81%] [32m[1mLinking CXX executable realsense2_camera_node[0m
[16.027s] [ 81%] Built target realsense2_camera_node
[16.047s] [ 87%] [32mBuilding CXX object CMakeFiles/realsense2_camera.dir/src/image_publisher.cpp.o[0m
[21.381s] [ 93%] [32mBuilding CXX object CMakeFiles/realsense2_camera.dir/src/ros_param_backend_foxy.cpp.o[0m
[46.032s] [100%] [32m[1mLinking CXX shared library librealsense2_camera.so[0m
[46.378s] [100%] Built target realsense2_camera
[46.426s] Invoked command in '/home/m5kro/ros2_ws/build/realsense2_camera' returned '0': CMAKE_PREFIX_PATH=/home/m5kro/ros2_ws/install/realsense2_camera_msgs:/home/m5kro/ros2_ws/install/realsense2_description:/home/m5kro/ros2_ws/install/realsense2_camera:/home/m5kro/ros2_ws/install/mirror:/home/m5kro/ros2_ws/src/mirror/install/mirror:/opt/ros/humble LD_LIBRARY_PATH=/home/m5kro/ros2_ws/install/realsense2_camera_msgs/lib:/home/m5kro/ros2_ws/install/realsense2_camera/lib:/opt/ros/humble/opt/rviz_ogre_vendor/lib:/opt/ros/humble/lib/x86_64-linux-gnu:/opt/ros/humble/lib /usr/bin/cmake --build /home/m5kro/ros2_ws/build/realsense2_camera -- -j12 -l12
[46.451s] Invoking command in '/home/m5kro/ros2_ws/build/realsense2_camera': CMAKE_PREFIX_PATH=/home/m5kro/ros2_ws/install/realsense2_camera_msgs:/home/m5kro/ros2_ws/install/realsense2_description:/home/m5kro/ros2_ws/install/realsense2_camera:/home/m5kro/ros2_ws/install/mirror:/home/m5kro/ros2_ws/src/mirror/install/mirror:/opt/ros/humble LD_LIBRARY_PATH=/home/m5kro/ros2_ws/install/realsense2_camera_msgs/lib:/home/m5kro/ros2_ws/install/realsense2_camera/lib:/opt/ros/humble/opt/rviz_ogre_vendor/lib:/opt/ros/humble/lib/x86_64-linux-gnu:/opt/ros/humble/lib /usr/bin/cmake --install /home/m5kro/ros2_ws/build/realsense2_camera
[46.454s] -- Install configuration: "Release"
[46.454s] -- Execute custom install script
[46.454s] -- Symlinking: /home/m5kro/ros2_ws/install/realsense2_camera/lib/realsense2_camera/realsense2_camera_node
[46.460s] -- Symlinking: /home/m5kro/ros2_ws/install/realsense2_camera/lib/librealsense2_camera.so
[46.466s] -- Symlinking: /home/m5kro/ros2_ws/install/realsense2_camera/include/base_realsense_node.h
[46.472s] -- Symlinking: /home/m5kro/ros2_ws/install/realsense2_camera/include/constants.h
[46.478s] -- Symlinking: /home/m5kro/ros2_ws/install/realsense2_camera/include/dynamic_params.h
[46.486s] -- Symlinking: /home/m5kro/ros2_ws/install/realsense2_camera/include/image_publisher.h
[46.492s] -- Symlinking: /home/m5kro/ros2_ws/install/realsense2_camera/include/named_filter.h
[46.498s] -- Symlinking: /home/m5kro/ros2_ws/install/realsense2_camera/include/profile_manager.h
[46.506s] -- Symlinking: /home/m5kro/ros2_ws/install/realsense2_camera/include/realsense_node_factory.h
[46.511s] -- Symlinking: /home/m5kro/ros2_ws/install/realsense2_camera/include/ros_param_backend.h
[46.518s] -- Symlinking: /home/m5kro/ros2_ws/install/realsense2_camera/include/ros_sensor.h
[46.525s] -- Symlinking: /home/m5kro/ros2_ws/install/realsense2_camera/include/ros_utils.h
[46.534s] -- Symlinking: /home/m5kro/ros2_ws/install/realsense2_camera/include/sensor_params.h
[46.540s] -- Symlinking: /home/m5kro/ros2_ws/install/realsense2_camera/include/t265_realsense_node.h
[46.547s] -- Symlinking: /home/m5kro/ros2_ws/install/realsense2_camera/share/realsense2_camera/launch/default.rviz
[46.553s] -- Symlinking: /home/m5kro/ros2_ws/install/realsense2_camera/share/realsense2_camera/launch/rs_d400_and_t265_launch.py
[46.560s] -- Symlinking: /home/m5kro/ros2_ws/install/realsense2_camera/share/realsense2_camera/launch/rs_intra_process_demo_launch.py
[46.567s] -- Symlinking: /home/m5kro/ros2_ws/install/realsense2_camera/share/realsense2_camera/launch/rs_launch.py
[46.575s] -- Symlinking: /home/m5kro/ros2_ws/install/realsense2_camera/share/realsense2_camera/launch/rs_multi_camera_launch.py
[46.582s] -- Symlinking: /home/m5kro/ros2_ws/install/realsense2_camera/share/realsense2_camera/environment/library_path.sh
[46.589s] -- Symlinking: /home/m5kro/ros2_ws/install/realsense2_camera/share/realsense2_camera/environment/library_path.dsv
[46.599s] -- Symlinking: /home/m5kro/ros2_ws/install/realsense2_camera/share/ament_index/resource_index/package_run_dependencies/realsense2_camera
[46.607s] -- Symlinking: /home/m5kro/ros2_ws/install/realsense2_camera/share/ament_index/resource_index/parent_prefix_path/realsense2_camera
[46.614s] -- Symlinking: /home/m5kro/ros2_ws/install/realsense2_camera/share/realsense2_camera/environment/ament_prefix_path.sh
[46.620s] -- Symlinking: /home/m5kro/ros2_ws/install/realsense2_camera/share/realsense2_camera/environment/ament_prefix_path.dsv
[46.626s] -- Symlinking: /home/m5kro/ros2_ws/install/realsense2_camera/share/realsense2_camera/environment/path.sh
[46.633s] -- Symlinking: /home/m5kro/ros2_ws/install/realsense2_camera/share/realsense2_camera/environment/path.dsv
[46.640s] -- Symlinking: /home/m5kro/ros2_ws/install/realsense2_camera/share/realsense2_camera/local_setup.bash
[46.646s] -- Symlinking: /home/m5kro/ros2_ws/install/realsense2_camera/share/realsense2_camera/local_setup.sh
[46.652s] -- Symlinking: /home/m5kro/ros2_ws/install/realsense2_camera/share/realsense2_camera/local_setup.zsh
[46.657s] -- Symlinking: /home/m5kro/ros2_ws/install/realsense2_camera/share/realsense2_camera/local_setup.dsv
[46.666s] -- Symlinking: /home/m5kro/ros2_ws/install/realsense2_camera/share/realsense2_camera/package.dsv
[46.671s] -- Symlinking: /home/m5kro/ros2_ws/install/realsense2_camera/share/ament_index/resource_index/packages/realsense2_camera
[46.679s] -- Symlinking: /home/m5kro/ros2_ws/install/realsense2_camera/share/ament_index/resource_index/rclcpp_components/realsense2_camera
[46.684s] -- Symlinking: /home/m5kro/ros2_ws/install/realsense2_camera/share/realsense2_camera/cmake/ament_cmake_export_include_directories-extras.cmake
[46.690s] -- Symlinking: /home/m5kro/ros2_ws/install/realsense2_camera/share/realsense2_camera/cmake/ament_cmake_export_libraries-extras.cmake
[46.697s] -- Symlinking: /home/m5kro/ros2_ws/install/realsense2_camera/share/realsense2_camera/cmake/ament_cmake_export_dependencies-extras.cmake
[46.703s] -- Symlinking: /home/m5kro/ros2_ws/install/realsense2_camera/share/realsense2_camera/cmake/realsense2_cameraConfig.cmake
[46.710s] -- Symlinking: /home/m5kro/ros2_ws/install/realsense2_camera/share/realsense2_camera/cmake/realsense2_cameraConfig-version.cmake
[46.715s] -- Symlinking: /home/m5kro/ros2_ws/install/realsense2_camera/share/realsense2_camera/package.xml
[46.728s] Invoked command in '/home/m5kro/ros2_ws/build/realsense2_camera' returned '0': CMAKE_PREFIX_PATH=/home/m5kro/ros2_ws/install/realsense2_camera_msgs:/home/m5kro/ros2_ws/install/realsense2_description:/home/m5kro/ros2_ws/install/realsense2_camera:/home/m5kro/ros2_ws/install/mirror:/home/m5kro/ros2_ws/src/mirror/install/mirror:/opt/ros/humble LD_LIBRARY_PATH=/home/m5kro/ros2_ws/install/realsense2_camera_msgs/lib:/home/m5kro/ros2_ws/install/realsense2_camera/lib:/opt/ros/humble/opt/rviz_ogre_vendor/lib:/opt/ros/humble/lib/x86_64-linux-gnu:/opt/ros/humble/lib /usr/bin/cmake --install /home/m5kro/ros2_ws/build/realsense2_camera
