[0.008s] Invoking command in '/home/m5kro/ros2_ws/build/mirror': CMAKE_PREFIX_PATH=${CMAKE_PREFIX_PATH}:/opt/ros/humble /usr/bin/cmake /home/m5kro/ros2_ws/src/mirror -DAMENT_CMAKE_SYMLINK_INSTALL=1 -DCMAKE_INSTALL_PREFIX=/home/m5kro/ros2_ws/install/mirror
[0.056s] -- The C compiler identification is GNU 11.4.0
[0.099s] -- The CXX compiler identification is GNU 11.4.0
[0.104s] -- Detecting C compiler ABI info
[0.154s] -- Detecting C compiler ABI info - done
[0.158s] -- Check for working C compiler: /usr/bin/cc - skipped
[0.159s] -- Detecting C compile features
[0.159s] -- Detecting C compile features - done
[0.162s] -- Detecting CXX compiler ABI info
[0.221s] -- Detecting CXX compiler ABI info - done
[0.226s] -- Check for working CXX compiler: /usr/bin/c++ - skipped
[0.226s] -- Detecting CXX compile features
[0.226s] -- Detecting CXX compile features - done
[0.228s] -- Found ament_cmake: 1.3.11 (/opt/ros/humble/share/ament_cmake/cmake)
[0.341s] -- Found Python3: /usr/bin/python3 (found version "3.10.12") found components: Interpreter 
[0.393s] -- Override CMake install command with custom implementation using symlinks instead of copying resources
[0.418s] -- Found ament_lint_auto: 0.12.12 (/opt/ros/humble/share/ament_lint_auto/cmake)
[0.476s] -- Added test 'flake8' to check Python code syntax and style conventions
[0.477s] -- Added test 'lint_cmake' to check CMake code style
[0.477s] -- Added test 'pep257' to check Python code against some of the docstring style conventions in PEP 257
[0.478s] -- Added test 'xmllint' to check XML markup files
[0.480s] -- Configuring done
[0.482s] -- Generating done
[0.483s] -- Build files have been written to: /home/m5kro/ros2_ws/build/mirror
[0.487s] Invoked command in '/home/m5kro/ros2_ws/build/mirror' returned '0': CMAKE_PREFIX_PATH=${CMAKE_PREFIX_PATH}:/opt/ros/humble /usr/bin/cmake /home/m5kro/ros2_ws/src/mirror -DAMENT_CMAKE_SYMLINK_INSTALL=1 -DCMAKE_INSTALL_PREFIX=/home/m5kro/ros2_ws/install/mirror
[0.488s] Invoking command in '/home/m5kro/ros2_ws/build/mirror': CMAKE_PREFIX_PATH=${CMAKE_PREFIX_PATH}:/opt/ros/humble /usr/bin/cmake --build /home/m5kro/ros2_ws/build/mirror -- -j12 -l12
[0.517s] Invoked command in '/home/m5kro/ros2_ws/build/mirror' returned '0': CMAKE_PREFIX_PATH=${CMAKE_PREFIX_PATH}:/opt/ros/humble /usr/bin/cmake --build /home/m5kro/ros2_ws/build/mirror -- -j12 -l12
[0.526s] Invoking command in '/home/m5kro/ros2_ws/build/mirror': CMAKE_PREFIX_PATH=${CMAKE_PREFIX_PATH}:/opt/ros/humble /usr/bin/cmake --install /home/m5kro/ros2_ws/build/mirror
[0.533s] -- Install configuration: ""
[0.533s] -- Execute custom install script
[0.533s] -- Symlinking: /home/m5kro/ros2_ws/install/mirror/share/mirror//launch/slam_launch.py
[0.542s] -- Symlinking: /home/m5kro/ros2_ws/install/mirror/share/mirror//urdf/robot.urdf.xacro
[0.547s] -- Symlinking: /home/m5kro/ros2_ws/install/mirror/share/ament_index/resource_index/package_run_dependencies/mirror
[0.557s] -- Symlinking: /home/m5kro/ros2_ws/install/mirror/share/ament_index/resource_index/parent_prefix_path/mirror
[0.563s] -- Symlinking: /home/m5kro/ros2_ws/install/mirror/share/mirror/environment/ament_prefix_path.sh
[0.570s] -- Symlinking: /home/m5kro/ros2_ws/install/mirror/share/mirror/environment/ament_prefix_path.dsv
[0.578s] -- Symlinking: /home/m5kro/ros2_ws/install/mirror/share/mirror/environment/path.sh
[0.584s] -- Symlinking: /home/m5kro/ros2_ws/install/mirror/share/mirror/environment/path.dsv
[0.590s] -- Symlinking: /home/m5kro/ros2_ws/install/mirror/share/mirror/local_setup.bash
[0.596s] -- Symlinking: /home/m5kro/ros2_ws/install/mirror/share/mirror/local_setup.sh
[0.603s] -- Symlinking: /home/m5kro/ros2_ws/install/mirror/share/mirror/local_setup.zsh
[0.609s] -- Symlinking: /home/m5kro/ros2_ws/install/mirror/share/mirror/local_setup.dsv
[0.617s] -- Symlinking: /home/m5kro/ros2_ws/install/mirror/share/mirror/package.dsv
[0.623s] -- Symlinking: /home/m5kro/ros2_ws/install/mirror/share/ament_index/resource_index/packages/mirror
[0.628s] -- Symlinking: /home/m5kro/ros2_ws/install/mirror/share/mirror/cmake/mirrorConfig.cmake
[0.634s] -- Symlinking: /home/m5kro/ros2_ws/install/mirror/share/mirror/cmake/mirrorConfig-version.cmake
[0.642s] -- Symlinking: /home/m5kro/ros2_ws/install/mirror/share/mirror/package.xml
[0.651s] Invoked command in '/home/m5kro/ros2_ws/build/mirror' returned '0': CMAKE_PREFIX_PATH=${CMAKE_PREFIX_PATH}:/opt/ros/humble /usr/bin/cmake --install /home/m5kro/ros2_ws/build/mirror
